MPI plugin types are...
	none
	pmi2
	cray_shasta
	pmix
specific pmix plugin versions available: pmix_v4,pmix_v5,pmix_v6,pmix_v3
### mpirun --bind-to none --oversubscribe -np 2 -x OMP_NUM_THREADS ./bin/halo3d_cuda --backend omp --n 16 --steps 50
halo3d omp | ranks 2 = 1x1x2 | threads/rank 2 | global 16x16x16 | local(rank 0) 16x16x8 | steps 50
time 0.0017 s (0.033 ms/step) | halo wait 0.0006 s | 0.122 GLUP/s | 2.0 GB/s at 16 B/LUP
rel. L2 error vs exact discrete solution 4.418e-15 (PASS, tol 1e-09) | vs continuous PDE 2.294e-03
### rc=0
### mpirun --bind-to none --oversubscribe -np 8 -x OMP_NUM_THREADS ./bin/halo3d_cuda --backend omp --n 16 --steps 50
halo3d omp | ranks 8 = 2x2x2 | threads/rank 2 | global 16x16x16 | local(rank 0) 8x8x8 | steps 50
time 0.0110 s (0.219 ms/step) | halo wait 0.0099 s | 0.019 GLUP/s | 0.3 GB/s at 16 B/LUP
rel. L2 error vs exact discrete solution 4.418e-15 (PASS, tol 1e-09) | vs continuous PDE 2.294e-03
### rc=0
### mpirun --bind-to none --oversubscribe -np 8 -x OMP_NUM_THREADS ./bin/halo3d_cuda --backend omp --n 17 --steps 50
halo3d omp | ranks 8 = 2x2x2 | threads/rank 2 | global 17x17x17 | local(rank 0) 9x9x9 | steps 50
time 0.0051 s (0.102 ms/step) | halo wait 0.0041 s | 0.048 GLUP/s | 0.8 GB/s at 16 B/LUP
rel. L2 error vs exact discrete solution 2.767e-15 (PASS, tol 1e-09) | vs continuous PDE 1.824e-03
### rc=0
### mpirun --bind-to none --oversubscribe -np 12 -x OMP_NUM_THREADS ./bin/halo3d_cuda --backend omp --n 23 --steps 30
halo3d omp | ranks 12 = 2x2x3 | threads/rank 2 | global 23x23x23 | local(rank 0) 12x12x8 | steps 30
time 0.0066 s (0.218 ms/step) | halo wait 0.0056 s | 0.056 GLUP/s | 0.9 GB/s at 16 B/LUP
rel. L2 error vs exact discrete solution 1.839e-15 (PASS, tol 1e-09) | vs continuous PDE 3.452e-04
### rc=0
### mpirun --bind-to none --oversubscribe -np 1 --map-by ppr:2:node -x OMP_NUM_THREADS ./bin/halo3d_cuda --backend cuda --n 16 --steps 50
halo3d cuda | ranks 1 = 1x1x1 | threads/rank 4 | global 16x16x16 | local(rank 0) 16x16x16 | steps 50
time 0.0013 s (0.026 ms/step) | halo wait 0.0000 s | 0.155 GLUP/s | 2.5 GB/s at 16 B/LUP | interior kernel 3.5 GB/s (rank 0 GPU)
rel. L2 error vs exact discrete solution 4.418e-15 (PASS, tol 1e-09) | vs continuous PDE 2.294e-03
### rc=0
### mpirun --bind-to none --oversubscribe -np 1 --map-by ppr:2:node -x OMP_NUM_THREADS ./bin/halo3d_cuda --backend cuda --n 16 --steps 50 --cuda-aware
halo3d cuda (cuda-aware) | ranks 1 = 1x1x1 | threads/rank 4 | global 16x16x16 | local(rank 0) 16x16x16 | steps 50
time 0.0013 s (0.026 ms/step) | halo wait 0.0000 s | 0.156 GLUP/s | 2.5 GB/s at 16 B/LUP | interior kernel 3.6 GB/s (rank 0 GPU)
rel. L2 error vs exact discrete solution 4.418e-15 (PASS, tol 1e-09) | vs continuous PDE 2.294e-03
### rc=0
### mpirun --bind-to none --oversubscribe -np 1 --map-by ppr:2:node -x OMP_NUM_THREADS ./bin/halo3d_cuda --backend cuda --n 17 --steps 50
halo3d cuda | ranks 1 = 1x1x1 | threads/rank 4 | global 17x17x17 | local(rank 0) 17x17x17 | steps 50
time 0.0014 s (0.028 ms/step) | halo wait 0.0000 s | 0.177 GLUP/s | 2.8 GB/s at 16 B/LUP | interior kernel 4.0 GB/s (rank 0 GPU)
rel. L2 error vs exact discrete solution 2.767e-15 (PASS, tol 1e-09) | vs continuous PDE 1.824e-03
### rc=0
### mpirun --bind-to none --oversubscribe -np 1 --map-by ppr:2:node -x OMP_NUM_THREADS ./bin/halo3d_cuda --backend cuda --n 17 --steps 50 --cuda-aware
halo3d cuda (cuda-aware) | ranks 1 = 1x1x1 | threads/rank 4 | global 17x17x17 | local(rank 0) 17x17x17 | steps 50
time 0.0014 s (0.028 ms/step) | halo wait 0.0000 s | 0.176 GLUP/s | 2.8 GB/s at 16 B/LUP | interior kernel 4.0 GB/s (rank 0 GPU)
rel. L2 error vs exact discrete solution 2.767e-15 (PASS, tol 1e-09) | vs continuous PDE 1.824e-03
### rc=0
### mpirun --bind-to none --oversubscribe -np 1 --map-by ppr:2:node -x OMP_NUM_THREADS ./bin/halo3d_cuda --backend cuda --n 64 --steps 50
halo3d cuda | ranks 1 = 1x1x1 | threads/rank 4 | global 64x64x64 | local(rank 0) 64x64x64 | steps 50
time 0.0020 s (0.039 ms/step) | halo wait 0.0000 s | 6.715 GLUP/s | 107.4 GB/s at 16 B/LUP | interior kernel 134.9 GB/s (rank 0 GPU)
rel. L2 error vs exact discrete solution 6.336e-15 (PASS, tol 1e-09) | vs continuous PDE 1.066e-05
### rc=0
### mpirun --bind-to none --oversubscribe -np 1 --map-by ppr:2:node -x OMP_NUM_THREADS ./bin/halo3d_cuda --backend cuda --n 64 --steps 50 --cuda-aware
halo3d cuda (cuda-aware) | ranks 1 = 1x1x1 | threads/rank 4 | global 64x64x64 | local(rank 0) 64x64x64 | steps 50
time 0.0020 s (0.039 ms/step) | halo wait 0.0000 s | 6.656 GLUP/s | 106.5 GB/s at 16 B/LUP | interior kernel 133.6 GB/s (rank 0 GPU)
rel. L2 error vs exact discrete solution 6.336e-15 (PASS, tol 1e-09) | vs continuous PDE 1.066e-05
### rc=0
### mpirun --bind-to none --oversubscribe -np 2 --map-by ppr:2:node -x OMP_NUM_THREADS ./bin/halo3d_cuda --backend cuda --n 16 --steps 50
halo3d cuda | ranks 2 = 1x1x2 | threads/rank 4 | global 16x16x16 | local(rank 0) 16x16x8 | steps 50
time 0.0024 s (0.047 ms/step) | halo wait 0.0005 s | 0.087 GLUP/s | 1.4 GB/s at 16 B/LUP | interior kernel 2.8 GB/s (rank 0 GPU)
rel. L2 error vs exact discrete solution 4.418e-15 (PASS, tol 1e-09) | vs continuous PDE 2.294e-03
### rc=0
### mpirun --bind-to none --oversubscribe -np 2 --map-by ppr:2:node -x OMP_NUM_THREADS ./bin/halo3d_cuda --backend cuda --n 16 --steps 50 --cuda-aware
halo3d cuda (cuda-aware) | ranks 2 = 1x1x2 | threads/rank 4 | global 16x16x16 | local(rank 0) 16x16x8 | steps 50
time 0.0093 s (0.186 ms/step) | halo wait 0.0050 s | 0.022 GLUP/s | 0.4 GB/s at 16 B/LUP | interior kernel 2.9 GB/s (rank 0 GPU)
rel. L2 error vs exact discrete solution 4.418e-15 (PASS, tol 1e-09) | vs continuous PDE 2.294e-03
### rc=0
### mpirun --bind-to none --oversubscribe -np 2 --map-by ppr:2:node -x OMP_NUM_THREADS ./bin/halo3d_cuda --backend cuda --n 17 --steps 50
halo3d cuda | ranks 2 = 1x1x2 | threads/rank 4 | global 17x17x17 | local(rank 0) 17x17x9 | steps 50
time 0.0021 s (0.042 ms/step) | halo wait 0.0002 s | 0.118 GLUP/s | 1.9 GB/s at 16 B/LUP | interior kernel 3.5 GB/s (rank 0 GPU)
rel. L2 error vs exact discrete solution 2.767e-15 (PASS, tol 1e-09) | vs continuous PDE 1.824e-03
### rc=0
### mpirun --bind-to none --oversubscribe -np 2 --map-by ppr:2:node -x OMP_NUM_THREADS ./bin/halo3d_cuda --backend cuda --n 17 --steps 50 --cuda-aware
halo3d cuda (cuda-aware) | ranks 2 = 1x1x2 | threads/rank 4 | global 17x17x17 | local(rank 0) 17x17x9 | steps 50
time 0.0394 s (0.787 ms/step) | halo wait 0.0347 s | 0.006 GLUP/s | 0.1 GB/s at 16 B/LUP | interior kernel 3.2 GB/s (rank 0 GPU)
rel. L2 error vs exact discrete solution 2.767e-15 (PASS, tol 1e-09) | vs continuous PDE 1.824e-03
### rc=0
### mpirun --bind-to none --oversubscribe -np 2 --map-by ppr:2:node -x OMP_NUM_THREADS ./bin/halo3d_cuda --backend cuda --n 64 --steps 50
halo3d cuda | ranks 2 = 1x1x2 | threads/rank 4 | global 64x64x64 | local(rank 0) 64x64x32 | steps 50
time 0.0031 s (0.062 ms/step) | halo wait 0.0007 s | 4.199 GLUP/s | 67.2 GB/s at 16 B/LUP | interior kernel 74.5 GB/s (rank 0 GPU)
rel. L2 error vs exact discrete solution 6.336e-15 (PASS, tol 1e-09) | vs continuous PDE 1.066e-05
### rc=0
### mpirun --bind-to none --oversubscribe -np 2 --map-by ppr:2:node -x OMP_NUM_THREADS ./bin/halo3d_cuda --backend cuda --n 64 --steps 50 --cuda-aware
halo3d cuda (cuda-aware) | ranks 2 = 1x1x2 | threads/rank 4 | global 64x64x64 | local(rank 0) 64x64x32 | steps 50
time 0.0104 s (0.209 ms/step) | halo wait 0.0059 s | 1.255 GLUP/s | 20.1 GB/s at 16 B/LUP | interior kernel 75.2 GB/s (rank 0 GPU)
rel. L2 error vs exact discrete solution 6.336e-15 (PASS, tol 1e-09) | vs continuous PDE 1.066e-05
### rc=0
### mpirun --bind-to none --oversubscribe -np 4 --map-by ppr:2:node -x OMP_NUM_THREADS ./bin/halo3d_cuda --backend cuda --n 16 --steps 50
halo3d cuda | ranks 4 = 1x2x2 | threads/rank 4 | global 16x16x16 | local(rank 0) 16x8x8 | steps 50
time 0.0031 s (0.062 ms/step) | halo wait 0.0005 s | 0.066 GLUP/s | 1.1 GB/s at 16 B/LUP | interior kernel 1.3 GB/s (rank 0 GPU)
rel. L2 error vs exact discrete solution 4.418e-15 (PASS, tol 1e-09) | vs continuous PDE 2.294e-03
### rc=0
### mpirun --bind-to none --oversubscribe -np 4 --map-by ppr:2:node -x OMP_NUM_THREADS ./bin/halo3d_cuda --backend cuda --n 16 --steps 50 --cuda-aware
halo3d cuda (cuda-aware) | ranks 4 = 1x2x2 | threads/rank 4 | global 16x16x16 | local(rank 0) 16x8x8 | steps 50
time 0.0135 s (0.269 ms/step) | halo wait 0.0064 s | 0.015 GLUP/s | 0.2 GB/s at 16 B/LUP | interior kernel 1.4 GB/s (rank 0 GPU)
rel. L2 error vs exact discrete solution 4.418e-15 (PASS, tol 1e-09) | vs continuous PDE 2.294e-03
### rc=0
### mpirun --bind-to none --oversubscribe -np 4 --map-by ppr:2:node -x OMP_NUM_THREADS ./bin/halo3d_cuda --backend cuda --n 17 --steps 50
halo3d cuda | ranks 4 = 1x2x2 | threads/rank 4 | global 17x17x17 | local(rank 0) 17x9x9 | steps 50
time 0.0030 s (0.059 ms/step) | halo wait 0.0003 s | 0.083 GLUP/s | 1.3 GB/s at 16 B/LUP | interior kernel 1.8 GB/s (rank 0 GPU)
rel. L2 error vs exact discrete solution 2.767e-15 (PASS, tol 1e-09) | vs continuous PDE 1.824e-03
### rc=0
### mpirun --bind-to none --oversubscribe -np 4 --map-by ppr:2:node -x OMP_NUM_THREADS ./bin/halo3d_cuda --backend cuda --n 17 --steps 50 --cuda-aware
halo3d cuda (cuda-aware) | ranks 4 = 1x2x2 | threads/rank 4 | global 17x17x17 | local(rank 0) 17x9x9 | steps 50
time 0.0129 s (0.259 ms/step) | halo wait 0.0060 s | 0.019 GLUP/s | 0.3 GB/s at 16 B/LUP | interior kernel 1.7 GB/s (rank 0 GPU)
rel. L2 error vs exact discrete solution 2.767e-15 (PASS, tol 1e-09) | vs continuous PDE 1.824e-03
### rc=0
### mpirun --bind-to none --oversubscribe -np 4 --map-by ppr:2:node -x OMP_NUM_THREADS ./bin/halo3d_cuda --backend cuda --n 64 --steps 50
halo3d cuda | ranks 4 = 1x2x2 | threads/rank 4 | global 64x64x64 | local(rank 0) 64x32x32 | steps 50
time 0.0042 s (0.084 ms/step) | halo wait 0.0008 s | 3.103 GLUP/s | 49.6 GB/s at 16 B/LUP | interior kernel 37.7 GB/s (rank 0 GPU)
rel. L2 error vs exact discrete solution 6.336e-15 (PASS, tol 1e-09) | vs continuous PDE 1.066e-05
### rc=0
### mpirun --bind-to none --oversubscribe -np 4 --map-by ppr:2:node -x OMP_NUM_THREADS ./bin/halo3d_cuda --backend cuda --n 64 --steps 50 --cuda-aware
halo3d cuda (cuda-aware) | ranks 4 = 1x2x2 | threads/rank 4 | global 64x64x64 | local(rank 0) 64x32x32 | steps 50
time 0.0445 s (0.889 ms/step) | halo wait 0.0374 s | 0.295 GLUP/s | 4.7 GB/s at 16 B/LUP | interior kernel 37.6 GB/s (rank 0 GPU)
rel. L2 error vs exact discrete solution 6.336e-15 (PASS, tol 1e-09) | vs continuous PDE 1.066e-05
### rc=0
### mpirun --bind-to none --oversubscribe -np 4 --map-by ppr:2:node -x OMP_NUM_THREADS ./bin/halo3d_cuda --backend cuda --local 40 --steps 40
halo3d cuda | ranks 4 = 1x2x2 | threads/rank 4 | global 40x80x80 | local(rank 0) 40x40x40 | steps 40
time 0.0033 s (0.084 ms/step) | halo wait 0.0007 s | 3.062 GLUP/s | 49.0 GB/s at 16 B/LUP | interior kernel 36.9 GB/s (rank 0 GPU)
rel. L2 error vs exact discrete solution 4.491e-16 (PASS, tol 1e-09) | vs continuous PDE 8.395e-06
### rc=0
